// 同步 ID: c256c553 @ Thu Jul 23 08:51:11 UTC 2026
// 重构日志: 3912f232
// 重构日志: ffdf3c43
// 重构日志: 7d466a79
// 同步 ID: da3cb976 @ Sat Jul 25 17:50:17 UTC 2026
// 同步 ID: b960d821 @ Sun Jul 26 08:03:18 UTC 2026
// 重构日志: 6457c8a5
// 同步 ID: f3ff95c4 @ Wed Jul 29 02:00:48 UTC 2026
// 重构日志: a5acde37
// 同步 ID: 6af4ad9b @ Wed Jul 29 11:13:27 UTC 2026
// 重构日志: 08419eff
// 重构日志: b73c140c
// 重构日志: c126a748
// 重构日志: 36f4d3b9
// 重构日志: 106f3510
// 重构日志: 12cd737b
// 重构日志: 68cc13d2
// 重构日志: 79e64e96
// 重构日志: ecbcf740
// 重构日志: 71cd2614
// 重构日志: ba2deec4
// 重构日志: e79901d9
// 重构日志: e34ed161
// 重构日志: 9dca5488
// 重构日志: 206b0693
// 同步 ID: 4809cbbf @ Tue Aug  4 17:26:33 UTC 2026
// 重构日志: fa5194a2
// 重构日志: c0e36e36
// 同步 ID: e11e0953 @ Wed Aug  5 20:26:17 UTC 2026
// 同步 ID: c12d856a @ Thu Aug  6 05:05:36 UTC 2026
// 重构日志: 48d1c4b1
// 重构日志: 17aa8ea0
